
> building-calculator@0.1.0 build
> vite build

[36mvite v7.3.1 [32mbuilding client environment for production...[36m[39m
transforming...
[32mΓ£ô[39m 43 modules transformed.
node.exe : [31mΓ£ù[39m Build failed in 
237ms
At line:1 char:1
+ & "C:\Program Files\nodejs/node.exe" 
"C:\Program Files\nodejs/node_mo ...
+ ~~~~~~~~~~~~~~~~~~~~~~~~~~~~~~~~~~~~~~~~~
~~~~~~~~~~~~~~~~~~~~~~~~~~~~
    + CategoryInfo          : NotSpecified 
   : ([31mΓ£ù[39m Build failed in 237ms  
  :String) [], RemoteException
    + FullyQualifiedErrorId : NativeComman 
   dError
 
[31merror during build:
[31mCould not resolve 
"../../components/hero/HeroSection" from "s
rc/pages/calculator/CalculatorPage.jsx"[31
m
file: [36mF:/2. Civil__Engineering__Calcul
ator/building-calculator/src/pages/calculat
or/CalculatorPage.jsx[31m
    at getRollupError (file:///F:/2.%20Civi
l__Engineering__Calculator/building-calcula
tor/node_modules/rollup/dist/es/shared/pars
eAst.js:402:41)
    at error (file:///F:/2.%20Civil__Engine
ering__Calculator/building-calculator/node_
modules/rollup/dist/es/shared/parseAst.js:3
98:42)
    at 
ModuleLoader.handleInvalidResolvedId (file:
///F:/2.%20Civil__Engineering__Calculator/b
uilding-calculator/node_modules/rollup/dist
/es/shared/node-entry.js:21710:24)
    at file:///F:/2.%20Civil__Engineering__
Calculator/building-calculator/node_modules
/rollup/dist/es/shared/node-entry.js:21670:
26[39m
